// Jest Snapshot v1, https://goo.gl/fbAQLP

exports[`<Spinner  /> should match snapshot 1`] = `
.c0 {
  -webkit-animation: cqkDSr 2.625s linear infinite;
  animation: cqkDSr 2.625s linear infinite;
  height: 32px;
  width: 32px;
  -webkit-transform-origin: center;
  -ms-transform-origin: center;
  transform-origin: center;
}

.c1 {
  -webkit-animation: caVMmK 1.5s ease-in-out infinite;
  animation: caVMmK 1.5s ease-in-out infinite;
  stroke: #007bff;
  stroke-linecap: round;
}

<svg
  class="c0"
  viewBox="-24 -24 48 48"
>
  <circle
    class="c1"
    cx="0"
    cy="0"
    fill="none"
    r="20"
    stroke-width="4"
  />
</svg>
`;
