// Jest Snapshot v1, https://goo.gl/fbAQLP

exports[`<SearchForm /> should render and match the snapshot 1`] = `
.c3 {
  outline: none;
  padding: 8px;
  border-radius: 6px;
  border: 2px solid #dee2e6;
}

.c1 {
  position: absolute;
  top: 10px;
  left: 10px;
}

.c0 {
  position: relative;
}

.c0 .c2 {
  padding-left: 32px;
}

<form>
  <div
    class="c0"
  >
    <svg
      class="c1"
      fill="none"
      height="1em"
      stroke="currentColor"
      stroke-width="0"
      viewBox="0 0 24 24"
      width="1em"
      xmlns="http://www.w3.org/2000/svg"
    >
      <path
        d="M21 21l-6-6m2-5a7 7 0 11-14 0 7 7 0 0114 0z"
        stroke-linecap="round"
        stroke-linejoin="round"
        stroke-width="2"
      />
    </svg>
    <input
      class="c2 c3"
      placeholder="Search universities"
    />
  </div>
</form>
`;
